Octopus.Server.Extensibility.IssueTracker.GitHub.GitHubIssueTrackerExtension